root@web:~# ausearch -k nginx_config
----
time->Mon Jul 27 19:32:07 2026
type=PROCTITLE msg=audit(1785166327.650:44): proctitle=617564697463746C002D77002F6574632F6E67696E782F6E67696E782E636F6E66002D70007761002D6B006E67696E785F636F6E666967
type=SYSCALL msg=audit(1785166327.650:44): arch=c000003e syscall=44 success=yes exit=1092 a0=4 a1=7ffdd31199d0 a2=444 a3=0 items=0 ppid=2243 pid=3691 auid=1000 uid=0 gid=0 euid=0 suid=0 fsuid=0 egid=0 sgid=0 fsgid=0 tty=pts1 ses=4 comm="auditctl" exe="/usr/sbin/auditctl" subj=unconfined key=(null)
type=CONFIG_CHANGE msg=audit(1785166327.650:44): auid=1000 ses=4 subj=unconfined op=add_rule key="nginx_config" list=4 res=1
root@web:~# vim /etc/nginx/nginx.conf
root@web:~# ausearch -k nginx_config
----
time->Mon Jul 27 19:32:07 2026
type=PROCTITLE msg=audit(1785166327.650:44): proctitle=617564697463746C002D77002F6574632F6E67696E782F6E67696E782E636F6E66002D70007761002D6B006E67696E785F636F6E666967
type=SYSCALL msg=audit(1785166327.650:44): arch=c000003e syscall=44 success=yes exit=1092 a0=4 a1=7ffdd31199d0 a2=444 a3=0 items=0 ppid=2243 pid=3691 auid=1000 uid=0 gid=0 euid=0 suid=0 fsuid=0 egid=0 sgid=0 fsgid=0 tty=pts1 ses=4 comm="auditctl" exe="/usr/sbin/auditctl" subj=unconfined key=(null)
type=CONFIG_CHANGE msg=audit(1785166327.650:44): auid=1000 ses=4 subj=unconfined op=add_rule key="nginx_config" list=4 res=1
----
time->Mon Jul 27 19:34:23 2026
type=PROCTITLE msg=audit(1785166463.181:45): proctitle=76696D002F6574632F6E67696E782F6E67696E782E636F6E66
type=PATH msg=audit(1785166463.181:45): item=3 name="/etc/nginx/nginx.conf~" inode=256099 dev=08:01 mode=0100644 ouid=0 ogid=0 rdev=00:00 nametype=CREATE cap_fp=0 cap_fi=0 cap_fe=0 cap_fver=0 cap_frootid=0
type=PATH msg=audit(1785166463.181:45): item=2 name="/etc/nginx/nginx.conf" inode=256099 dev=08:01 mode=0100644 ouid=0 ogid=0 rdev=00:00 nametype=DELETE cap_fp=0 cap_fi=0 cap_fe=0 cap_fver=0 cap_frootid=0
type=PATH msg=audit(1785166463.181:45): item=1 name="/etc/nginx/" inode=256286 dev=08:01 mode=040755 ouid=0 ogid=0 rdev=00:00 nametype=PARENT cap_fp=0 cap_fi=0 cap_fe=0 cap_fver=0 cap_frootid=0
type=PATH msg=audit(1785166463.181:45): item=0 name="/etc/nginx/" inode=256286 dev=08:01 mode=040755 ouid=0 ogid=0 rdev=00:00 nametype=PARENT cap_fp=0 cap_fi=0 cap_fe=0 cap_fver=0 cap_frootid=0
type=CWD msg=audit(1785166463.181:45): cwd="/root"
type=SYSCALL msg=audit(1785166463.181:45): arch=c000003e syscall=82 success=yes exit=0 a0=564538947610 a1=564538980da0 a2=fffffffffffffc60 a3=0 items=4 ppid=2243 pid=3702 auid=1000 uid=0 gid=0 euid=0 suid=0 fsuid=0 egid=0 sgid=0 fsgid=0 tty=pts1 ses=4 comm="vim" exe="/usr/bin/vim.basic" subj=unconfined key="nginx_config"
----
time->Mon Jul 27 19:34:23 2026
type=PROCTITLE msg=audit(1785166463.181:46): proctitle=76696D002F6574632F6E67696E782F6E67696E782E636F6E66
type=PATH msg=audit(1785166463.181:46): item=1 name="/etc/nginx/nginx.conf" inode=256469 dev=08:01 mode=0100644 ouid=0 ogid=0 rdev=00:00 nametype=CREATE cap_fp=0 cap_fi=0 cap_fe=0 cap_fver=0 cap_frootid=0
type=PATH msg=audit(1785166463.181:46): item=0 name="/etc/nginx/" inode=256286 dev=08:01 mode=040755 ouid=0 ogid=0 rdev=00:00 nametype=PARENT cap_fp=0 cap_fi=0 cap_fe=0 cap_fver=0 cap_frootid=0
type=CWD msg=audit(1785166463.181:46): cwd="/root"
type=SYSCALL msg=audit(1785166463.181:46): arch=c000003e syscall=257 success=yes exit=3 a0=ffffff9c a1=564538947610 a2=41 a3=1a4 items=2 ppid=2243 pid=3702 auid=1000 uid=0 gid=0 euid=0 suid=0 fsuid=0 egid=0 sgid=0 fsgid=0 tty=pts1 ses=4 comm="vim" exe="/usr/bin/vim.basic" subj=unconfined key="nginx_config"
----
time->Mon Jul 27 19:34:23 2026
type=PROCTITLE msg=audit(1785166463.193:47): proctitle=76696D002F6574632F6E67696E782F6E67696E782E636F6E66
type=PATH msg=audit(1785166463.193:47): item=0 name=(null) inode=256469 dev=08:01 mode=0100644 ouid=0 ogid=0 rdev=00:00 nametype=NORMAL cap_fp=0 cap_fi=0 cap_fe=0 cap_fver=0 cap_frootid=0
type=CWD msg=audit(1785166463.193:47): cwd="/root"
type=SYSCALL msg=audit(1785166463.193:47): arch=c000003e syscall=91 success=yes exit=0 a0=3 a1=81a4 a2=7ffda91c3140 a3=0 items=1 ppid=2243 pid=3702 auid=1000 uid=0 gid=0 euid=0 suid=0 fsuid=0 egid=0 sgid=0 fsgid=0 tty=pts1 ses=4 comm="vim" exe="/usr/bin/vim.basic" subj=unconfined key="nginx_config"
----
time->Mon Jul 27 19:34:23 2026
type=PROCTITLE msg=audit(1785166463.193:48): proctitle=76696D002F6574632F6E67696E782F6E67696E782E636F6E66
type=PATH msg=audit(1785166463.193:48): item=0 name="/etc/nginx/nginx.conf" inode=256469 dev=08:01 mode=0100644 ouid=0 ogid=0 rdev=00:00 nametype=NORMAL cap_fp=0 cap_fi=0 cap_fe=0 cap_fver=0 cap_frootid=0
type=CWD msg=audit(1785166463.193:48): cwd="/root"
type=SYSCALL msg=audit(1785166463.193:48): arch=c000003e syscall=188 success=yes exit=0 a0=564538947610 a1=7ff2383ba000 a2=564538c70e50 a3=1c items=1 ppid=2243 pid=3702 auid=1000 uid=0 gid=0 euid=0 suid=0 fsuid=0 egid=0 sgid=0 fsgid=0 tty=pts1 ses=4 comm="vim" exe="/usr/bin/vim.basic" subj=unconfined key="nginx_config"
